2026-09-02 10:53:16,815 | INFO | astra_trade.kite_auth | [2m2026-09-02T10:53:16.815277Z[0m [[32m[1minfo     [0m] [1mkite_login_step1              [0m [[0m[1m[34mastra_trade.kite_auth[0m][0m [36muser_id[0m=[35mTVQ435[0m
2026-09-02 10:53:17,016 | INFO | astra_trade.kite_auth | [2m2026-09-02T10:53:17.016300Z[0m [[32m[1minfo     [0m] [1mkite_login_step2_twofa        [0m [[0m[1m[34mastra_trade.kite_auth[0m][0m
2026-09-02 10:53:17,183 | INFO | astra_trade.kite_auth | [2m2026-09-02T10:53:17.183296Z[0m [[32m[1minfo     [0m] [1mkite_login_step3_request_token[0m [[0m[1m[34mastra_trade.kite_auth[0m][0m
2026-09-02 10:53:17,748 | INFO | astra_trade.kite_auth | [2m2026-09-02T10:53:17.748754Z[0m [[32m[1minfo     [0m] [1mkite_login_success            [0m [[0m[1m[34mastra_trade.kite_auth[0m][0m [36muser_id[0m=[35mTVQ435[0m
2026-09-02 10:53:17,751 | INFO | astra_trade | [2m2026-09-02T10:53:17.751227Z[0m [[32m[1minfo     [0m] [1mkite_session_ready_for_training[0m [[0m[1m[34mastra_trade[0m][0m
2026-09-02 10:53:17,759 | INFO | astra_trade | [2m2026-09-02T10:53:17.759523Z[0m [[32m[1minfo     [0m] [1mstarting_training_pipeline    [0m [[0m[1m[34mastra_trade[0m][0m
2026-09-02 10:53:17,809 | INFO | astra_trade.pipeline | [2m2026-09-02T10:53:17.809521Z[0m [[32m[1minfo     [0m] [1mpipeline_stage_starting       [0m [[0m[1m[34mastra_trade.pipeline[0m][0m [36mstage[0m=[35mdata_ingestion[0m
2026-09-02 10:53:17,810 | INFO | astra_trade.pipeline | [2m2026-09-02T10:53:17.810723Z[0m [[32m[1minfo     [0m] [1mdata_ingestion_symbol         [0m [[0m[1m[34mastra_trade.pipeline[0m][0m [36mprogress[0m=[35m1/20[0m [36msymbol[0m=[35m'NIFTY 50'[0m
2026-09-02 10:53:20,760 | INFO | astra_trade.pipeline | [2m2026-09-02T10:53:20.760496Z[0m [[32m[1minfo     [0m] [1msymbol_data_ready             [0m [[0m[1m[34mastra_trade.pipeline[0m][0m [36mrows[0m=[35m18538[0m [36msymbol[0m=[35m'NIFTY 50'[0m
2026-09-02 10:53:20,762 | INFO | astra_trade.pipeline | [2m2026-09-02T10:53:20.762005Z[0m [[32m[1minfo     [0m] [1mdata_ingestion_symbol         [0m [[0m[1m[34mastra_trade.pipeline[0m][0m [36mprogress[0m=[35m2/20[0m [36msymbol[0m=[35m'NIFTY BANK'[0m
2026-09-02 10:53:23,483 | INFO | astra_trade.pipeline | [2m2026-09-02T10:53:23.483254Z[0m [[32m[1minfo     [0m] [1msymbol_data_ready             [0m [[0m[1m[34mastra_trade.pipeline[0m][0m [36mrows[0m=[35m18538[0m [36msymbol[0m=[35m'NIFTY BANK'[0m
2026-09-02 10:53:23,485 | INFO | astra_trade.pipeline | [2m2026-09-02T10:53:23.485029Z[0m [[32m[1minfo     [0m] [1mdata_ingestion_symbol         [0m [[0m[1m[34mastra_trade.pipeline[0m][0m [36mprogress[0m=[35m3/20[0m [36msymbol[0m=[35mRELIANCE[0m
2026-09-02 10:53:25,993 | INFO | astra_trade.pipeline | [2m2026-09-02T10:53:25.993154Z[0m [[32m[1minfo     [0m] [1msymbol_data_ready             [0m [[0m[1m[34mastra_trade.pipeline[0m][0m [36mrows[0m=[35m18472[0m [36msymbol[0m=[35mRELIANCE[0m
2026-09-02 10:53:25,995 | INFO | astra_trade.pipeline | [2m2026-09-02T10:53:25.995226Z[0m [[32m[1minfo     [0m] [1mdata_ingestion_symbol         [0m [[0m[1m[34mastra_trade.pipeline[0m][0m [36mprogress[0m=[35m4/20[0m [36msymbol[0m=[35mTCS[0m
2026-09-02 10:53:28,457 | INFO | astra_trade.pipeline | [2m2026-09-02T10:53:28.456934Z[0m [[32m[1minfo     [0m] [1msymbol_data_ready             [0m [[0m[1m[34mastra_trade.pipeline[0m][0m [36mrows[0m=[35m18472[0m [36msymbol[0m=[35mTCS[0m
2026-09-02 10:53:28,458 | INFO | astra_trade.pipeline | [2m2026-09-02T10:53:28.458494Z[0m [[32m[1minfo     [0m] [1mdata_ingestion_symbol         [0m [[0m[1m[34mastra_trade.pipeline[0m][0m [36mprogress[0m=[35m5/20[0m [36msymbol[0m=[35mINFY[0m
2026-09-02 10:53:31,012 | INFO | astra_trade.pipeline | [2m2026-09-02T10:53:31.011887Z[0m [[32m[1minfo     [0m] [1msymbol_data_ready             [0m [[0m[1m[34mastra_trade.pipeline[0m][0m [36mrows[0m=[35m18472[0m [36msymbol[0m=[35mINFY[0m
2026-09-02 10:53:31,015 | INFO | astra_trade.pipeline | [2m2026-09-02T10:53:31.015150Z[0m [[32m[1minfo     [0m] [1mdata_ingestion_symbol         [0m [[0m[1m[34mastra_trade.pipeline[0m][0m [36mprogress[0m=[35m6/20[0m [36msymbol[0m=[35mHDFCBANK[0m
2026-09-02 10:53:33,406 | INFO | astra_trade.pipeline | [2m2026-09-02T10:53:33.406616Z[0m [[32m[1minfo     [0m] [1msymbol_data_ready             [0m [[0m[1m[34mastra_trade.pipeline[0m][0m [36mrows[0m=[35m18472[0m [36msymbol[0m=[35mHDFCBANK[0m
2026-09-02 10:53:33,408 | INFO | astra_trade.pipeline | [2m2026-09-02T10:53:33.408555Z[0m [[32m[1minfo     [0m] [1mdata_ingestion_symbol         [0m [[0m[1m[34mastra_trade.pipeline[0m][0m [36mprogress[0m=[35m7/20[0m [36msymbol[0m=[35mICICIBANK[0m
2026-09-02 10:53:36,177 | INFO | astra_trade.pipeline | [2m2026-09-02T10:53:36.177352Z[0m [[32m[1minfo     [0m] [1msymbol_data_ready             [0m [[0m[1m[34mastra_trade.pipeline[0m][0m [36mrows[0m=[35m18472[0m [36msymbol[0m=[35mICICIBANK[0m
2026-09-02 10:53:36,179 | INFO | astra_trade.pipeline | [2m2026-09-02T10:53:36.179457Z[0m [[32m[1minfo     [0m] [1mdata_ingestion_symbol         [0m [[0m[1m[34mastra_trade.pipeline[0m][0m [36mprogress[0m=[35m8/20[0m [36msymbol[0m=[35mSBIN[0m
2026-09-02 10:53:38,597 | INFO | astra_trade.pipeline | [2m2026-09-02T10:53:38.597461Z[0m [[32m[1minfo     [0m] [1msymbol_data_ready             [0m [[0m[1m[34mastra_trade.pipeline[0m][0m [36mrows[0m=[35m18472[0m [36msymbol[0m=[35mSBIN[0m
2026-09-02 10:53:38,599 | INFO | astra_trade.pipeline | [2m2026-09-02T10:53:38.599432Z[0m [[32m[1minfo     [0m] [1mdata_ingestion_symbol         [0m [[0m[1m[34mastra_trade.pipeline[0m][0m [36mprogress[0m=[35m9/20[0m [36msymbol[0m=[35mBHARTIARTL[0m
2026-09-02 10:53:41,021 | INFO | astra_trade.pipeline | [2m2026-09-02T10:53:41.021655Z[0m [[32m[1minfo     [0m] [1msymbol_data_ready             [0m [[0m[1m[34mastra_trade.pipeline[0m][0m [36mrows[0m=[35m18472[0m [36msymbol[0m=[35mBHARTIARTL[0m
2026-09-02 10:53:41,024 | INFO | astra_trade.pipeline | [2m2026-09-02T10:53:41.024120Z[0m [[32m[1minfo     [0m] [1mdata_ingestion_symbol         [0m [[0m[1m[34mastra_trade.pipeline[0m][0m [36mprogress[0m=[35m10/20[0m [36msymbol[0m=[35mITC[0m
2026-09-02 10:53:43,374 | INFO | astra_trade.pipeline | [2m2026-09-02T10:53:43.374642Z[0m [[32m[1minfo     [0m] [1msymbol_data_ready             [0m [[0m[1m[34mastra_trade.pipeline[0m][0m [36mrows[0m=[35m18472[0m [36msymbol[0m=[35mITC[0m
2026-09-02 10:53:43,377 | INFO | astra_trade.pipeline | [2m2026-09-02T10:53:43.377097Z[0m [[32m[1minfo     [0m] [1mdata_ingestion_symbol         [0m [[0m[1m[34mastra_trade.pipeline[0m][0m [36mprogress[0m=[35m11/20[0m [36msymbol[0m=[35mFEDERALBNK[0m
2026-09-02 10:53:45,861 | INFO | astra_trade.pipeline | [2m2026-09-02T10:53:45.861382Z[0m [[32m[1minfo     [0m] [1msymbol_data_ready             [0m [[0m[1m[34mastra_trade.pipeline[0m][0m [36mrows[0m=[35m18472[0m [36msymbol[0m=[35mFEDERALBNK[0m
2026-09-02 10:53:45,863 | INFO | astra_trade.pipeline | [2m2026-09-02T10:53:45.863866Z[0m [[32m[1minfo     [0m] [1mdata_ingestion_symbol         [0m [[0m[1m[34mastra_trade.pipeline[0m][0m [36mprogress[0m=[35m12/20[0m [36msymbol[0m=[35mIDFCFIRSTB[0m
2026-09-02 10:53:48,227 | INFO | astra_trade.pipeline | [2m2026-09-02T10:53:48.226889Z[0m [[32m[1minfo     [0m] [1msymbol_data_ready             [0m [[0m[1m[34mastra_trade.pipeline[0m][0m [36mrows[0m=[35m18472[0m [36msymbol[0m=[35mIDFCFIRSTB[0m
2026-09-02 10:53:48,229 | INFO | astra_trade.pipeline | [2m2026-09-02T10:53:48.229092Z[0m [[32m[1minfo     [0m] [1mdata_ingestion_symbol         [0m [[0m[1m[34mastra_trade.pipeline[0m][0m [36mprogress[0m=[35m13/20[0m [36msymbol[0m=[35mPNB[0m
2026-09-02 10:53:50,651 | INFO | astra_trade.pipeline | [2m2026-09-02T10:53:50.651137Z[0m [[32m[1minfo     [0m] [1msymbol_data_ready             [0m [[0m[1m[34mastra_trade.pipeline[0m][0m [36mrows[0m=[35m18472[0m [36msymbol[0m=[35mPNB[0m
2026-09-02 10:53:50,653 | INFO | astra_trade.pipeline | [2m2026-09-02T10:53:50.653703Z[0m [[32m[1minfo     [0m] [1mdata_ingestion_symbol         [0m [[0m[1m[34mastra_trade.pipeline[0m][0m [36mprogress[0m=[35m14/20[0m [36msymbol[0m=[35mBANKBARODA[0m
2026-09-02 10:53:53,412 | INFO | astra_trade.pipeline | [2m2026-09-02T10:53:53.412586Z[0m [[32m[1minfo     [0m] [1msymbol_data_ready             [0m [[0m[1m[34mastra_trade.pipeline[0m][0m [36mrows[0m=[35m18472[0m [36msymbol[0m=[35mBANKBARODA[0m
2026-09-02 10:53:53,414 | INFO | astra_trade.pipeline | [2m2026-09-02T10:53:53.414826Z[0m [[32m[1minfo     [0m] [1mdata_ingestion_symbol         [0m [[0m[1m[34mastra_trade.pipeline[0m][0m [36mprogress[0m=[35m15/20[0m [36msymbol[0m=[35mTATAPOWER[0m
2026-09-02 10:53:55,970 | INFO | astra_trade.pipeline | [2m2026-09-02T10:53:55.970360Z[0m [[32m[1minfo     [0m] [1msymbol_data_ready             [0m [[0m[1m[34mastra_trade.pipeline[0m][0m [36mrows[0m=[35m18472[0m [36msymbol[0m=[35mTATAPOWER[0m
2026-09-02 10:53:55,972 | INFO | astra_trade.pipeline | [2m2026-09-02T10:53:55.972169Z[0m [[32m[1minfo     [0m] [1mdata_ingestion_symbol         [0m [[0m[1m[34mastra_trade.pipeline[0m][0m [36mprogress[0m=[35m16/20[0m [36msymbol[0m=[35mPETRONET[0m
2026-09-02 10:53:58,436 | INFO | astra_trade.pipeline | [2m2026-09-02T10:53:58.436325Z[0m [[32m[1minfo     [0m] [1msymbol_data_ready             [0m [[0m[1m[34mastra_trade.pipeline[0m][0m [36mrows[0m=[35m18472[0m [36msymbol[0m=[35mPETRONET[0m
2026-09-02 10:53:58,438 | INFO | astra_trade.pipeline | [2m2026-09-02T10:53:58.438416Z[0m [[32m[1minfo     [0m] [1mdata_ingestion_symbol         [0m [[0m[1m[34mastra_trade.pipeline[0m][0m [36mprogress[0m=[35m17/20[0m [36msymbol[0m=[35mVOLTAS[0m
2026-09-02 10:54:00,922 | INFO | astra_trade.pipeline | [2m2026-09-02T10:54:00.922042Z[0m [[32m[1minfo     [0m] [1msymbol_data_ready             [0m [[0m[1m[34mastra_trade.pipeline[0m][0m [36mrows[0m=[35m18472[0m [36msymbol[0m=[35mVOLTAS[0m
2026-09-02 10:54:00,923 | INFO | astra_trade.pipeline | [2m2026-09-02T10:54:00.923623Z[0m [[32m[1minfo     [0m] [1mdata_ingestion_symbol         [0m [[0m[1m[34mastra_trade.pipeline[0m][0m [36mprogress[0m=[35m18/20[0m [36msymbol[0m=[35mASHOKLEY[0m
2026-09-02 10:54:03,366 | INFO | astra_trade.pipeline | [2m2026-09-02T10:54:03.366420Z[0m [[32m[1minfo     [0m] [1msymbol_data_ready             [0m [[0m[1m[34mastra_trade.pipeline[0m][0m [36mrows[0m=[35m18472[0m [36msymbol[0m=[35mASHOKLEY[0m
2026-09-02 10:54:03,369 | INFO | astra_trade.pipeline | [2m2026-09-02T10:54:03.369159Z[0m [[32m[1minfo     [0m] [1mdata_ingestion_symbol         [0m [[0m[1m[34mastra_trade.pipeline[0m][0m [36mprogress[0m=[35m19/20[0m [36msymbol[0m=[35mCANBK[0m
2026-09-02 10:54:05,942 | INFO | astra_trade.pipeline | [2m2026-09-02T10:54:05.942720Z[0m [[32m[1minfo     [0m] [1msymbol_data_ready             [0m [[0m[1m[34mastra_trade.pipeline[0m][0m [36mrows[0m=[35m18471[0m [36msymbol[0m=[35mCANBK[0m
2026-09-02 10:54:05,945 | INFO | astra_trade.pipeline | [2m2026-09-02T10:54:05.945292Z[0m [[32m[1minfo     [0m] [1mdata_ingestion_symbol         [0m [[0m[1m[34mastra_trade.pipeline[0m][0m [36mprogress[0m=[35m20/20[0m [36msymbol[0m=[35mAPOLLOTYRE[0m
2026-09-02 10:54:08,539 | INFO | astra_trade.pipeline | [2m2026-09-02T10:54:08.539710Z[0m [[32m[1minfo     [0m] [1msymbol_data_ready             [0m [[0m[1m[34mastra_trade.pipeline[0m][0m [36mrows[0m=[35m18537[0m [36msymbol[0m=[35mAPOLLOTYRE[0m
2026-09-02 10:54:08,542 | INFO | astra_trade.pipeline | [2m2026-09-02T10:54:08.542382Z[0m [[32m[1minfo     [0m] [1mpipeline_stage_done           [0m [[0m[1m[34mastra_trade.pipeline[0m][0m [36mresult[0m=[35m'20 symbols ingested'[0m [36mstage[0m=[35mdata_ingestion[0m
2026-09-02 10:54:08,544 | INFO | astra_trade.pipeline | [2m2026-09-02T10:54:08.544249Z[0m [[32m[1minfo     [0m] [1mpipeline_stage_starting       [0m [[0m[1m[34mastra_trade.pipeline[0m][0m [36mstage[0m=[35mfeature_engineering[0m
2026-09-02 10:54:25,424 | INFO | astra_trade.pipeline | [2m2026-09-02T10:54:25.424736Z[0m [[32m[1minfo     [0m] [1mpipeline_stage_done           [0m [[0m[1m[34mastra_trade.pipeline[0m][0m [36mresult[0m=[35m'20 symbols featured'[0m [36mstage[0m=[35mfeature_engineering[0m
2026-09-02 10:54:25,426 | INFO | astra_trade.pipeline | [2m2026-09-02T10:54:25.426824Z[0m [[32m[1minfo     [0m] [1mpipeline_stage_starting       [0m [[0m[1m[34mastra_trade.pipeline[0m][0m [36mstage[0m=[35mmodel_training[0m
2026-09-02 10:54:28,294 | INFO | astra_trade.pipeline | [2m2026-09-02T10:54:28.294184Z[0m [[32m[1minfo     [0m] [1mfeature_evolution_done        [0m [[0m[1m[34mastra_trade.pipeline[0m][0m [36mgenes[0m=[35m['evolved_rsi_14_ratio_shooting_star', 'evolved_stoch_k_ratio_shooting_star', 'evolved_rsi_14_diff_above_vwap', 'evolved_rsi_14_diff_chaikin_money_flow', 'evolved_rsi_14_diff_atr_pct'][0m [36mn_genes[0m=[35m5[0m
2026-09-02 10:58:58,705 | INFO | astra_trade.pipeline | [2m2026-09-02T10:58:58.705509Z[0m [[32m[1minfo     [0m] [1mlstm_nas_done                 [0m [[0m[1m[34mastra_trade.pipeline[0m][0m [36mbest_config[0m=[35m{'hidden_size': 32, 'num_layers': 1, 'dropout': 0.2}[0m [36mval_accuracy[0m=[35m0.6189944134078212[0m
2026-09-02 11:32:33,618 | INFO | qiskit_algorithms.optimizers.spsa | SPSA: Starting calibration of learning rate and perturbation.
2026-09-02 11:33:57,528 | INFO | qiskit_algorithms.optimizers.spsa | Finished calibration:
2026-09-02 11:33:57,531 | INFO | qiskit_algorithms.optimizers.spsa |  -- Learning rate: a / ((A + n) ^ alpha) with a = 98.78191059061557, A = 0, alpha = 0.602
2026-09-02 11:33:57,532 | INFO | qiskit_algorithms.optimizers.spsa |  -- Perturbation: c / (n ^ gamma) with c = 0.2, gamma = 0.101
2026-09-02 11:33:57,534 | INFO | qiskit_algorithms.optimizers.spsa | SPSA: Starting optimization.
2026-09-02 11:34:01,115 | INFO | qiskit_algorithms.optimizers.spsa | Iteration 1/101 done in 3.579979181289673.
2026-09-02 11:34:04,389 | INFO | qiskit_algorithms.optimizers.spsa | Iteration 2/101 done in 3.2701992988586426.
2026-09-02 11:34:07,974 | INFO | qiskit_algorithms.optimizers.spsa | Iteration 3/101 done in 3.58174991607666.
2026-09-02 11:34:11,270 | INFO | qiskit_algorithms.optimizers.spsa | Iteration 4/101 done in 3.291999101638794.
2026-09-02 11:34:14,880 | INFO | qiskit_algorithms.optimizers.spsa | Iteration 5/101 done in 3.6089835166931152.
2026-09-02 11:34:18,112 | INFO | qiskit_algorithms.optimizers.spsa | Iteration 6/101 done in 3.22922420501709.
2026-09-02 11:34:21,793 | INFO | qiskit_algorithms.optimizers.spsa | Iteration 7/101 done in 3.675356388092041.
2026-09-02 11:34:25,147 | INFO | qiskit_algorithms.optimizers.spsa | Iteration 8/101 done in 3.3523926734924316.
2026-09-02 11:34:28,413 | INFO | qiskit_algorithms.optimizers.spsa | Iteration 9/101 done in 3.26298189163208.
2026-09-02 11:34:32,121 | INFO | qiskit_algorithms.optimizers.spsa | Iteration 10/101 done in 3.7030270099639893.
2026-09-02 11:34:35,412 | INFO | qiskit_algorithms.optimizers.spsa | Iteration 11/101 done in 3.2896313667297363.
2026-09-02 11:34:39,131 | INFO | qiskit_algorithms.optimizers.spsa | Iteration 12/101 done in 3.716573476791382.
2026-09-02 11:34:42,495 | INFO | qiskit_algorithms.optimizers.spsa | Iteration 13/101 done in 3.3621253967285156.
2026-09-02 11:34:46,138 | INFO | qiskit_algorithms.optimizers.spsa | Iteration 14/101 done in 3.641594648361206.
2026-09-02 11:34:49,315 | INFO | qiskit_algorithms.optimizers.spsa | Iteration 15/101 done in 3.174746036529541.
2026-09-02 11:34:52,866 | INFO | qiskit_algorithms.optimizers.spsa | Iteration 16/101 done in 3.5488669872283936.
2026-09-02 11:34:56,227 | INFO | qiskit_algorithms.optimizers.spsa | Iteration 17/101 done in 3.359257936477661.
2026-09-02 11:34:59,475 | INFO | qiskit_algorithms.optimizers.spsa | Iteration 18/101 done in 3.2447662353515625.
2026-09-02 11:35:03,132 | INFO | qiskit_algorithms.optimizers.spsa | Iteration 19/101 done in 3.6542460918426514.
2026-09-02 11:35:06,436 | INFO | qiskit_algorithms.optimizers.spsa | Iteration 20/101 done in 3.3020176887512207.
2026-09-02 11:35:10,075 | INFO | qiskit_algorithms.optimizers.spsa | Iteration 21/101 done in 3.6372413635253906.
2026-09-02 11:35:13,433 | INFO | qiskit_algorithms.optimizers.spsa | Iteration 22/101 done in 3.3552780151367188.
2026-09-02 11:35:17,137 | INFO | qiskit_algorithms.optimizers.spsa | Iteration 23/101 done in 3.701448440551758.
2026-09-02 11:35:20,423 | INFO | qiskit_algorithms.optimizers.spsa | Iteration 24/101 done in 3.2848596572875977.
2026-09-02 11:35:24,019 | INFO | qiskit_algorithms.optimizers.spsa | Iteration 25/101 done in 3.5939064025878906.
2026-09-02 11:35:27,296 | INFO | qiskit_algorithms.optimizers.spsa | Iteration 26/101 done in 3.2752785682678223.
2026-09-02 11:35:30,506 | INFO | qiskit_algorithms.optimizers.spsa | Iteration 27/101 done in 3.2082431316375732.
2026-09-02 11:35:34,156 | INFO | qiskit_algorithms.optimizers.spsa | Iteration 28/101 done in 3.64719557762146.
2026-09-02 11:35:37,516 | INFO | qiskit_algorithms.optimizers.spsa | Iteration 29/101 done in 3.3575687408447266.
2026-09-02 11:35:41,188 | INFO | qiskit_algorithms.optimizers.spsa | Iteration 30/101 done in 3.670135736465454.
2026-09-02 11:35:44,480 | INFO | qiskit_algorithms.optimizers.spsa | Iteration 31/101 done in 3.2907602787017822.
2026-09-02 11:35:48,073 | INFO | qiskit_algorithms.optimizers.spsa | Iteration 32/101 done in 3.590872049331665.
2026-09-02 11:35:51,406 | INFO | qiskit_algorithms.optimizers.spsa | Iteration 33/101 done in 3.3305776119232178.
2026-09-02 11:35:55,025 | INFO | qiskit_algorithms.optimizers.spsa | Iteration 34/101 done in 3.6182472705841064.
2026-09-02 11:35:58,340 | INFO | qiskit_algorithms.optimizers.spsa | Iteration 35/101 done in 3.312427282333374.
2026-09-02 11:36:01,547 | INFO | qiskit_algorithms.optimizers.spsa | Iteration 36/101 done in 3.2046196460723877.
2026-09-02 11:36:05,254 | INFO | qiskit_algorithms.optimizers.spsa | Iteration 37/101 done in 3.7032814025878906.
2026-09-02 11:36:08,544 | INFO | qiskit_algorithms.optimizers.spsa | Iteration 38/101 done in 3.2874534130096436.
2026-09-02 11:36:12,102 | INFO | qiskit_algorithms.optimizers.spsa | Iteration 39/101 done in 3.555391311645508.
2026-09-02 11:36:15,371 | INFO | qiskit_algorithms.optimizers.spsa | Iteration 40/101 done in 3.2666800022125244.
2026-09-02 11:36:19,096 | INFO | qiskit_algorithms.optimizers.spsa | Iteration 41/101 done in 3.722515106201172.
2026-09-02 11:36:22,415 | INFO | qiskit_algorithms.optimizers.spsa | Iteration 42/101 done in 3.3143765926361084.
2026-09-02 11:36:25,960 | INFO | qiskit_algorithms.optimizers.spsa | Iteration 43/101 done in 3.542487621307373.
2026-09-02 11:36:29,226 | INFO | qiskit_algorithms.optimizers.spsa | Iteration 44/101 done in 3.2629811763763428.
2026-09-02 11:36:32,481 | INFO | qiskit_algorithms.optimizers.spsa | Iteration 45/101 done in 3.253214120864868.
2026-09-02 11:36:36,064 | INFO | qiskit_algorithms.optimizers.spsa | Iteration 46/101 done in 3.5802547931671143.
2026-09-02 11:36:39,411 | INFO | qiskit_algorithms.optimizers.spsa | Iteration 47/101 done in 3.3452093601226807.
2026-09-02 11:36:43,059 | INFO | qiskit_algorithms.optimizers.spsa | Iteration 48/101 done in 3.6442110538482666.
2026-09-02 11:36:46,275 | INFO | qiskit_algorithms.optimizers.spsa | Iteration 49/101 done in 3.2132925987243652.
2026-09-02 11:36:49,724 | INFO | qiskit_algorithms.optimizers.spsa | Iteration 50/101 done in 3.448049545288086.
2026-09-02 11:36:52,997 | INFO | qiskit_algorithms.optimizers.spsa | Iteration 51/101 done in 3.2700700759887695.
2026-09-02 11:36:56,665 | INFO | qiskit_algorithms.optimizers.spsa | Iteration 52/101 done in 3.6647331714630127.
2026-09-02 11:37:00,007 | INFO | qiskit_algorithms.optimizers.spsa | Iteration 53/101 done in 3.3406195640563965.
2026-09-02 11:37:03,161 | INFO | qiskit_algorithms.optimizers.spsa | Iteration 54/101 done in 3.149988889694214.
2026-09-02 11:37:06,791 | INFO | qiskit_algorithms.optimizers.spsa | Iteration 55/101 done in 3.6275811195373535.
2026-09-02 11:37:10,068 | INFO | qiskit_algorithms.optimizers.spsa | Iteration 56/101 done in 3.2740375995635986.
2026-09-02 11:37:13,684 | INFO | qiskit_algorithms.optimizers.spsa | Iteration 57/101 done in 3.6132733821868896.
2026-09-02 11:37:16,928 | INFO | qiskit_algorithms.optimizers.spsa | Iteration 58/101 done in 3.240455150604248.
2026-09-02 11:37:20,714 | INFO | qiskit_algorithms.optimizers.spsa | Iteration 59/101 done in 3.7827253341674805.
2026-09-02 11:37:23,963 | INFO | qiskit_algorithms.optimizers.spsa | Iteration 60/101 done in 3.2455809116363525.
2026-09-02 11:37:27,460 | INFO | qiskit_algorithms.optimizers.spsa | Iteration 61/101 done in 3.4956862926483154.
2026-09-02 11:37:30,710 | INFO | qiskit_algorithms.optimizers.spsa | Iteration 62/101 done in 3.245997190475464.
2026-09-02 11:37:33,873 | INFO | qiskit_algorithms.optimizers.spsa | Iteration 63/101 done in 3.157499313354492.
2026-09-02 11:37:37,468 | INFO | qiskit_algorithms.optimizers.spsa | Iteration 64/101 done in 3.592216968536377.
2026-09-02 11:37:40,793 | INFO | qiskit_algorithms.optimizers.spsa | Iteration 65/101 done in 3.3225882053375244.
2026-09-02 11:37:44,360 | INFO | qiskit_algorithms.optimizers.spsa | Iteration 66/101 done in 3.564394235610962.
2026-09-02 11:37:47,686 | INFO | qiskit_algorithms.optimizers.spsa | Iteration 67/101 done in 3.32395601272583.
2026-09-02 11:37:51,331 | INFO | qiskit_algorithms.optimizers.spsa | Iteration 68/101 done in 3.6434872150421143.
2026-09-02 11:37:54,613 | INFO | qiskit_algorithms.optimizers.spsa | Iteration 69/101 done in 3.278069496154785.
2026-09-02 11:37:58,194 | INFO | qiskit_algorithms.optimizers.spsa | Iteration 70/101 done in 3.5782768726348877.
2026-09-02 11:38:01,551 | INFO | qiskit_algorithms.optimizers.spsa | Iteration 71/101 done in 3.3542065620422363.
2026-09-02 11:38:04,682 | INFO | qiskit_algorithms.optimizers.spsa | Iteration 72/101 done in 3.1282737255096436.
2026-09-02 11:38:08,256 | INFO | qiskit_algorithms.optimizers.spsa | Iteration 73/101 done in 3.5704214572906494.
2026-09-02 11:38:11,562 | INFO | qiskit_algorithms.optimizers.spsa | Iteration 74/101 done in 3.3040289878845215.
2026-09-02 11:38:15,186 | INFO | qiskit_algorithms.optimizers.spsa | Iteration 75/101 done in 3.6210057735443115.
2026-09-02 11:38:18,315 | INFO | qiskit_algorithms.optimizers.spsa | Iteration 76/101 done in 3.1254706382751465.
2026-09-02 11:38:21,978 | INFO | qiskit_algorithms.optimizers.spsa | Iteration 77/101 done in 3.660978078842163.
2026-09-02 11:38:25,262 | INFO | qiskit_algorithms.optimizers.spsa | Iteration 78/101 done in 3.281595230102539.
2026-09-02 11:38:28,874 | INFO | qiskit_algorithms.optimizers.spsa | Iteration 79/101 done in 3.609999418258667.
2026-09-02 11:38:32,180 | INFO | qiskit_algorithms.optimizers.spsa | Iteration 80/101 done in 3.3039743900299072.
2026-09-02 11:38:35,454 | INFO | qiskit_algorithms.optimizers.spsa | Iteration 81/101 done in 3.2722575664520264.
2026-09-02 11:38:39,043 | INFO | qiskit_algorithms.optimizers.spsa | Iteration 82/101 done in 3.5860912799835205.
2026-09-02 11:38:42,322 | INFO | qiskit_algorithms.optimizers.spsa | Iteration 83/101 done in 3.276746988296509.
2026-09-02 11:38:45,972 | INFO | qiskit_algorithms.optimizers.spsa | Iteration 84/101 done in 3.6441540718078613.
2026-09-02 11:38:49,244 | INFO | qiskit_algorithms.optimizers.spsa | Iteration 85/101 done in 3.2688262462615967.
2026-09-02 11:38:52,946 | INFO | qiskit_algorithms.optimizers.spsa | Iteration 86/101 done in 3.6991848945617676.
2026-09-02 11:38:56,251 | INFO | qiskit_algorithms.optimizers.spsa | Iteration 87/101 done in 3.3015806674957275.
2026-09-02 11:38:59,831 | INFO | qiskit_algorithms.optimizers.spsa | Iteration 88/101 done in 3.577465772628784.
2026-09-02 11:39:03,200 | INFO | qiskit_algorithms.optimizers.spsa | Iteration 89/101 done in 3.365186929702759.
2026-09-02 11:39:06,507 | INFO | qiskit_algorithms.optimizers.spsa | Iteration 90/101 done in 3.304842948913574.
2026-09-02 11:39:10,019 | INFO | qiskit_algorithms.optimizers.spsa | Iteration 91/101 done in 3.5083324909210205.
2026-09-02 11:39:13,112 | INFO | qiskit_algorithms.optimizers.spsa | Iteration 92/101 done in 3.0908589363098145.
2026-09-02 11:39:16,560 | INFO | qiskit_algorithms.optimizers.spsa | Iteration 93/101 done in 3.443406105041504.
2026-09-02 11:39:19,812 | INFO | qiskit_algorithms.optimizers.spsa | Iteration 94/101 done in 3.249124526977539.
2026-09-02 11:39:23,478 | INFO | qiskit_algorithms.optimizers.spsa | Iteration 95/101 done in 3.6613783836364746.
2026-09-02 11:39:26,820 | INFO | qiskit_algorithms.optimizers.spsa | Iteration 96/101 done in 3.339103937149048.
2026-09-02 11:39:30,453 | INFO | qiskit_algorithms.optimizers.spsa | Iteration 97/101 done in 3.6296191215515137.
2026-09-02 11:39:33,599 | INFO | qiskit_algorithms.optimizers.spsa | Iteration 98/101 done in 3.1438188552856445.
2026-09-02 11:39:36,923 | INFO | qiskit_algorithms.optimizers.spsa | Iteration 99/101 done in 3.3206350803375244.
2026-09-02 11:39:40,360 | INFO | qiskit_algorithms.optimizers.spsa | Iteration 100/101 done in 3.4346418380737305.
2026-09-02 11:39:40,363 | INFO | qiskit_algorithms.optimizers.spsa | SPSA: Finished in 342.82803082466125
2026-09-02 11:39:55,649 | INFO | qiskit_algorithms.optimizers.spsa | SPSA: Starting calibration of learning rate and perturbation.
2026-09-02 11:41:06,105 | INFO | qiskit_algorithms.optimizers.spsa | Finished calibration:
2026-09-02 11:41:06,108 | INFO | qiskit_algorithms.optimizers.spsa |  -- Learning rate: a / ((A + n) ^ alpha) with a = 140.91701282608145, A = 0, alpha = 0.602
2026-09-02 11:41:06,109 | INFO | qiskit_algorithms.optimizers.spsa |  -- Perturbation: c / (n ^ gamma) with c = 0.2, gamma = 0.101
2026-09-02 11:41:06,110 | INFO | qiskit_algorithms.optimizers.spsa | SPSA: Starting optimization.
2026-09-02 11:41:08,867 | INFO | qiskit_algorithms.optimizers.spsa | Iteration 1/101 done in 2.7553272247314453.
2026-09-02 11:41:11,826 | INFO | qiskit_algorithms.optimizers.spsa | Iteration 2/101 done in 2.9568254947662354.
2026-09-02 11:41:14,382 | INFO | qiskit_algorithms.optimizers.spsa | Iteration 3/101 done in 2.553823471069336.
2026-09-02 11:41:16,951 | INFO | qiskit_algorithms.optimizers.spsa | Iteration 4/101 done in 2.567382335662842.
2026-09-02 11:41:19,885 | INFO | qiskit_algorithms.optimizers.spsa | Iteration 5/101 done in 2.931654930114746.
2026-09-02 11:41:22,541 | INFO | qiskit_algorithms.optimizers.spsa | Iteration 6/101 done in 2.6530776023864746.
2026-09-02 11:41:25,444 | INFO | qiskit_algorithms.optimizers.spsa | Iteration 7/101 done in 2.9007210731506348.
2026-09-02 11:41:28,200 | INFO | qiskit_algorithms.optimizers.spsa | Iteration 8/101 done in 2.753389835357666.
2026-09-02 11:41:31,266 | INFO | qiskit_algorithms.optimizers.spsa | Iteration 9/101 done in 3.0644073486328125.
2026-09-02 11:41:33,926 | INFO | qiskit_algorithms.optimizers.spsa | Iteration 10/101 done in 2.6552014350891113.
2026-09-02 11:41:36,930 | INFO | qiskit_algorithms.optimizers.spsa | Iteration 11/101 done in 3.0014166831970215.
2026-09-02 11:41:39,646 | INFO | qiskit_algorithms.optimizers.spsa | Iteration 12/101 done in 2.711756706237793.
2026-09-02 11:41:42,173 | INFO | qiskit_algorithms.optimizers.spsa | Iteration 13/101 done in 2.524712324142456.
2026-09-02 11:41:45,125 | INFO | qiskit_algorithms.optimizers.spsa | Iteration 14/101 done in 2.949239730834961.
2026-09-02 11:41:47,759 | INFO | qiskit_algorithms.optimizers.spsa | Iteration 15/101 done in 2.6315090656280518.
2026-09-02 11:41:50,857 | INFO | qiskit_algorithms.optimizers.spsa | Iteration 16/101 done in 3.095369577407837.
2026-09-02 11:41:53,593 | INFO | qiskit_algorithms.optimizers.spsa | Iteration 17/101 done in 2.7339885234832764.
2026-09-02 11:41:56,553 | INFO | qiskit_algorithms.optimizers.spsa | Iteration 18/101 done in 2.9574391841888428.
2026-09-02 11:41:59,186 | INFO | qiskit_algorithms.optimizers.spsa | Iteration 19/101 done in 2.6312310695648193.
2026-09-02 11:42:02,253 | INFO | qiskit_algorithms.optimizers.spsa | Iteration 20/101 done in 3.0634758472442627.
2026-09-02 11:42:04,820 | INFO | qiskit_algorithms.optimizers.spsa | Iteration 21/101 done in 2.5637147426605225.
2026-09-02 11:42:07,520 | INFO | qiskit_algorithms.optimizers.spsa | Iteration 22/101 done in 2.6976850032806396.
2026-09-02 11:42:10,598 | INFO | qiskit_algorithms.optimizers.spsa | Iteration 23/101 done in 3.073992967605591.
2026-09-02 11:42:13,308 | INFO | qiskit_algorithms.optimizers.spsa | Iteration 24/101 done in 2.7079038619995117.
2026-09-02 11:42:16,159 | INFO | qiskit_algorithms.optimizers.spsa | Iteration 25/101 done in 2.8489816188812256.
2026-09-02 11:42:18,818 | INFO | qiskit_algorithms.optimizers.spsa | Iteration 26/101 done in 2.6550440788269043.
2026-09-02 11:42:21,714 | INFO | qiskit_algorithms.optimizers.spsa | Iteration 27/101 done in 2.8934457302093506.
2026-09-02 11:42:24,373 | INFO | qiskit_algorithms.optimizers.spsa | Iteration 28/101 done in 2.655778408050537.
2026-09-02 11:42:27,309 | INFO | qiskit_algorithms.optimizers.spsa | Iteration 29/101 done in 2.9347920417785645.
2026-09-02 11:42:30,025 | INFO | qiskit_algorithms.optimizers.spsa | Iteration 30/101 done in 2.712775945663452.
2026-09-02 11:42:32,816 | INFO | qiskit_algorithms.optimizers.spsa | Iteration 31/101 done in 2.7888872623443604.
2026-09-02 11:42:35,853 | INFO | qiskit_algorithms.optimizers.spsa | Iteration 32/101 done in 3.035508155822754.
2026-09-02 11:42:38,549 | INFO | qiskit_algorithms.optimizers.spsa | Iteration 33/101 done in 2.6927309036254883.
2026-09-02 11:42:41,607 | INFO | qiskit_algorithms.optimizers.spsa | Iteration 34/101 done in 3.0554392337799072.
2026-09-02 11:42:44,294 | INFO | qiskit_algorithms.optimizers.spsa | Iteration 35/101 done in 2.6846139430999756.
2026-09-02 11:42:47,285 | INFO | qiskit_algorithms.optimizers.spsa | Iteration 36/101 done in 2.987764358520508.
2026-09-02 11:42:50,046 | INFO | qiskit_algorithms.optimizers.spsa | Iteration 37/101 done in 2.7587435245513916.
2026-09-02 11:42:53,226 | INFO | qiskit_algorithms.optimizers.spsa | Iteration 38/101 done in 3.177274227142334.
2026-09-02 11:42:55,922 | INFO | qiskit_algorithms.optimizers.spsa | Iteration 39/101 done in 2.693594217300415.
2026-09-02 11:42:58,647 | INFO | qiskit_algorithms.optimizers.spsa | Iteration 40/101 done in 2.7220914363861084.
2026-09-02 11:43:01,720 | INFO | qiskit_algorithms.optimizers.spsa | Iteration 41/101 done in 3.0712661743164062.
2026-09-02 11:43:04,289 | INFO | qiskit_algorithms.optimizers.spsa | Iteration 42/101 done in 2.5662264823913574.
2026-09-02 11:43:07,313 | INFO | qiskit_algorithms.optimizers.spsa | Iteration 43/101 done in 3.020720958709717.
2026-09-02 11:43:10,070 | INFO | qiskit_algorithms.optimizers.spsa | Iteration 44/101 done in 2.753488540649414.
2026-09-02 11:43:13,154 | INFO | qiskit_algorithms.optimizers.spsa | Iteration 45/101 done in 3.082926034927368.
2026-09-02 11:43:15,904 | INFO | qiskit_algorithms.optimizers.spsa | Iteration 46/101 done in 2.748091697692871.
2026-09-02 11:43:18,826 | INFO | qiskit_algorithms.optimizers.spsa | Iteration 47/101 done in 2.918869972229004.
2026-09-02 11:43:21,565 | INFO | qiskit_algorithms.optimizers.spsa | Iteration 48/101 done in 2.736557960510254.
2026-09-02 11:43:24,258 | INFO | qiskit_algorithms.optimizers.spsa | Iteration 49/101 done in 2.6908891201019287.
2026-09-02 11:43:27,305 | INFO | qiskit_algorithms.optimizers.spsa | Iteration 50/101 done in 3.045806646347046.
2026-09-02 11:43:29,891 | INFO | qiskit_algorithms.optimizers.spsa | Iteration 51/101 done in 2.5834128856658936.
2026-09-02 11:43:32,816 | INFO | qiskit_algorithms.optimizers.spsa | Iteration 52/101 done in 2.922750473022461.
2026-09-02 11:43:35,610 | INFO | qiskit_algorithms.optimizers.spsa | Iteration 53/101 done in 2.791578769683838.
2026-09-02 11:43:38,559 | INFO | qiskit_algorithms.optimizers.spsa | Iteration 54/101 done in 2.9440009593963623.
2026-09-02 11:43:41,323 | INFO | qiskit_algorithms.optimizers.spsa | Iteration 55/101 done in 2.7614567279815674.
2026-09-02 11:43:44,332 | INFO | qiskit_algorithms.optimizers.spsa | Iteration 56/101 done in 3.006256103515625.
2026-09-02 11:43:46,954 | INFO | qiskit_algorithms.optimizers.spsa | Iteration 57/101 done in 2.6205039024353027.
2026-09-02 11:43:49,640 | INFO | qiskit_algorithms.optimizers.spsa | Iteration 58/101 done in 2.682339906692505.
2026-09-02 11:43:52,643 | INFO | qiskit_algorithms.optimizers.spsa | Iteration 59/101 done in 3.000873327255249.
2026-09-02 11:43:55,431 | INFO | qiskit_algorithms.optimizers.spsa | Iteration 60/101 done in 2.785691499710083.
2026-09-02 11:43:58,399 | INFO | qiskit_algorithms.optimizers.spsa | Iteration 61/101 done in 2.9663307666778564.
2026-09-02 11:44:00,917 | INFO | qiskit_algorithms.optimizers.spsa | Iteration 62/101 done in 2.5148448944091797.
2026-09-02 11:44:03,886 | INFO | qiskit_algorithms.optimizers.spsa | Iteration 63/101 done in 2.9671733379364014.
2026-09-02 11:44:06,630 | INFO | qiskit_algorithms.optimizers.spsa | Iteration 64/101 done in 2.741419553756714.
2026-09-02 11:44:09,691 | INFO | qiskit_algorithms.optimizers.spsa | Iteration 65/101 done in 3.0600674152374268.
2026-09-02 11:44:12,312 | INFO | qiskit_algorithms.optimizers.spsa | Iteration 66/101 done in 2.6183249950408936.
2026-09-02 11:44:15,026 | INFO | qiskit_algorithms.optimizers.spsa | Iteration 67/101 done in 2.7104148864746094.
2026-09-02 11:44:18,223 | INFO | qiskit_algorithms.optimizers.spsa | Iteration 68/101 done in 3.1940462589263916.
2026-09-02 11:44:20,827 | INFO | qiskit_algorithms.optimizers.spsa | Iteration 69/101 done in 2.6023056507110596.
2026-09-02 11:44:23,728 | INFO | qiskit_algorithms.optimizers.spsa | Iteration 70/101 done in 2.898200273513794.
2026-09-02 11:44:26,418 | INFO | qiskit_algorithms.optimizers.spsa | Iteration 71/101 done in 2.6875667572021484.
2026-09-02 11:44:29,399 | INFO | qiskit_algorithms.optimizers.spsa | Iteration 72/101 done in 2.9776854515075684.
2026-09-02 11:44:31,956 | INFO | qiskit_algorithms.optimizers.spsa | Iteration 73/101 done in 2.554173469543457.
2026-09-02 11:44:34,988 | INFO | qiskit_algorithms.optimizers.spsa | Iteration 74/101 done in 3.018742084503174.
2026-09-02 11:44:37,817 | INFO | qiskit_algorithms.optimizers.spsa | Iteration 75/101 done in 2.82765531539917.
2026-09-02 11:44:40,526 | INFO | qiskit_algorithms.optimizers.spsa | Iteration 76/101 done in 2.705913782119751.
2026-09-02 11:44:43,600 | INFO | qiskit_algorithms.optimizers.spsa | Iteration 77/101 done in 3.070620059967041.
2026-09-02 11:44:46,333 | INFO | qiskit_algorithms.optimizers.spsa | Iteration 78/101 done in 2.7299835681915283.
2026-09-02 11:44:49,404 | INFO | qiskit_algorithms.optimizers.spsa | Iteration 79/101 done in 3.069443941116333.
2026-09-02 11:44:52,146 | INFO | qiskit_algorithms.optimizers.spsa | Iteration 80/101 done in 2.7391302585601807.
2026-09-02 11:44:55,207 | INFO | qiskit_algorithms.optimizers.spsa | Iteration 81/101 done in 3.058769464492798.
2026-09-02 11:44:57,950 | INFO | qiskit_algorithms.optimizers.spsa | Iteration 82/101 done in 2.7405028343200684.
2026-09-02 11:45:00,967 | INFO | qiskit_algorithms.optimizers.spsa | Iteration 83/101 done in 3.0151166915893555.
2026-09-02 11:45:03,713 | INFO | qiskit_algorithms.optimizers.spsa | Iteration 84/101 done in 2.7418899536132812.
2026-09-02 11:45:06,413 | INFO | qiskit_algorithms.optimizers.spsa | Iteration 85/101 done in 2.6972835063934326.
2026-09-02 11:45:09,467 | INFO | qiskit_algorithms.optimizers.spsa | Iteration 86/101 done in 3.049842357635498.
2026-09-02 11:45:12,029 | INFO | qiskit_algorithms.optimizers.spsa | Iteration 87/101 done in 2.5587785243988037.
2026-09-02 11:45:14,948 | INFO | qiskit_algorithms.optimizers.spsa | Iteration 88/101 done in 2.9166529178619385.
2026-09-02 11:45:17,623 | INFO | qiskit_algorithms.optimizers.spsa | Iteration 89/101 done in 2.67244291305542.
2026-09-02 11:45:20,763 | INFO | qiskit_algorithms.optimizers.spsa | Iteration 90/101 done in 3.1374704837799072.
2026-09-02 11:45:23,498 | INFO | qiskit_algorithms.optimizers.spsa | Iteration 91/101 done in 2.733466625213623.
2026-09-02 11:45:26,637 | INFO | qiskit_algorithms.optimizers.spsa | Iteration 92/101 done in 3.136509656906128.
2026-09-02 11:45:29,376 | INFO | qiskit_algorithms.optimizers.spsa | Iteration 93/101 done in 2.735940456390381.
2026-09-02 11:45:32,086 | INFO | qiskit_algorithms.optimizers.spsa | Iteration 94/101 done in 2.708001136779785.
2026-09-02 11:45:35,004 | INFO | qiskit_algorithms.optimizers.spsa | Iteration 95/101 done in 2.915480136871338.
2026-09-02 11:45:37,721 | INFO | qiskit_algorithms.optimizers.spsa | Iteration 96/101 done in 2.7154784202575684.
2026-09-02 11:45:40,720 | INFO | qiskit_algorithms.optimizers.spsa | Iteration 97/101 done in 2.9965879917144775.
2026-09-02 11:45:43,319 | INFO | qiskit_algorithms.optimizers.spsa | Iteration 98/101 done in 2.596282720565796.
2026-09-02 11:45:46,222 | INFO | qiskit_algorithms.optimizers.spsa | Iteration 99/101 done in 2.900144100189209.
2026-09-02 11:45:48,802 | INFO | qiskit_algorithms.optimizers.spsa | Iteration 100/101 done in 2.5782055854797363.
2026-09-02 11:45:48,804 | INFO | qiskit_algorithms.optimizers.spsa | SPSA: Finished in 282.6929986476898
2026-09-02 11:46:00,973 | INFO | qiskit_algorithms.optimizers.spsa | SPSA: Starting calibration of learning rate and perturbation.
2026-09-02 11:47:42,078 | INFO | qiskit_algorithms.optimizers.spsa | Finished calibration:
2026-09-02 11:47:42,080 | INFO | qiskit_algorithms.optimizers.spsa |  -- Learning rate: a / ((A + n) ^ alpha) with a = 105.42017005135189, A = 0, alpha = 0.602
2026-09-02 11:47:42,081 | INFO | qiskit_algorithms.optimizers.spsa |  -- Perturbation: c / (n ^ gamma) with c = 0.2, gamma = 0.101
2026-09-02 11:47:42,082 | INFO | qiskit_algorithms.optimizers.spsa | SPSA: Starting optimization.
2026-09-02 11:47:46,098 | INFO | qiskit_algorithms.optimizers.spsa | Iteration 1/101 done in 4.014731407165527.
2026-09-02 11:47:49,999 | INFO | qiskit_algorithms.optimizers.spsa | Iteration 2/101 done in 3.899224281311035.
2026-09-02 11:47:54,271 | INFO | qiskit_algorithms.optimizers.spsa | Iteration 3/101 done in 4.269155025482178.
2026-09-02 11:47:58,200 | INFO | qiskit_algorithms.optimizers.spsa | Iteration 4/101 done in 3.927905797958374.
2026-09-02 11:48:02,500 | INFO | qiskit_algorithms.optimizers.spsa | Iteration 5/101 done in 4.2981531620025635.
2026-09-02 11:48:06,536 | INFO | qiskit_algorithms.optimizers.spsa | Iteration 6/101 done in 4.0349531173706055.
2026-09-02 11:48:10,806 | INFO | qiskit_algorithms.optimizers.spsa | Iteration 7/101 done in 4.26696252822876.
2026-09-02 11:48:14,735 | INFO | qiskit_algorithms.optimizers.spsa | Iteration 8/101 done in 3.927638292312622.
2026-09-02 11:48:18,625 | INFO | qiskit_algorithms.optimizers.spsa | Iteration 9/101 done in 3.8877041339874268.
2026-09-02 11:48:22,913 | INFO | qiskit_algorithms.optimizers.spsa | Iteration 10/101 done in 4.285847425460815.
2026-09-02 11:48:26,908 | INFO | qiskit_algorithms.optimizers.spsa | Iteration 11/101 done in 3.9918789863586426.
2026-09-02 11:48:31,146 | INFO | qiskit_algorithms.optimizers.spsa | Iteration 12/101 done in 4.236203193664551.
2026-09-02 11:48:35,041 | INFO | qiskit_algorithms.optimizers.spsa | Iteration 13/101 done in 3.8925681114196777.
2026-09-02 11:48:39,324 | INFO | qiskit_algorithms.optimizers.spsa | Iteration 14/101 done in 4.281806945800781.
2026-09-02 11:48:43,250 | INFO | qiskit_algorithms.optimizers.spsa | Iteration 15/101 done in 3.924227714538574.
2026-09-02 11:48:47,248 | INFO | qiskit_algorithms.optimizers.spsa | Iteration 16/101 done in 3.9965476989746094.
2026-09-02 11:48:51,530 | INFO | qiskit_algorithms.optimizers.spsa | Iteration 17/101 done in 4.280463218688965.
2026-09-02 11:48:55,453 | INFO | qiskit_algorithms.optimizers.spsa | Iteration 18/101 done in 3.9199843406677246.
2026-09-02 11:48:59,707 | INFO | qiskit_algorithms.optimizers.spsa | Iteration 19/101 done in 4.251970529556274.
2026-09-02 11:49:03,615 | INFO | qiskit_algorithms.optimizers.spsa | Iteration 20/101 done in 3.9063544273376465.
2026-09-02 11:49:07,866 | INFO | qiskit_algorithms.optimizers.spsa | Iteration 21/101 done in 4.249392747879028.
2026-09-02 11:49:11,786 | INFO | qiskit_algorithms.optimizers.spsa | Iteration 22/101 done in 3.917295455932617.
2026-09-02 11:49:15,712 | INFO | qiskit_algorithms.optimizers.spsa | Iteration 23/101 done in 3.9234728813171387.
2026-09-02 11:49:19,995 | INFO | qiskit_algorithms.optimizers.spsa | Iteration 24/101 done in 4.279646635055542.
2026-09-02 11:49:23,906 | INFO | qiskit_algorithms.optimizers.spsa | Iteration 25/101 done in 3.9088430404663086.
2026-09-02 11:49:28,269 | INFO | qiskit_algorithms.optimizers.spsa | Iteration 26/101 done in 4.362209320068359.
2026-09-02 11:49:32,247 | INFO | qiskit_algorithms.optimizers.spsa | Iteration 27/101 done in 3.976072311401367.
2026-09-02 11:49:36,557 | INFO | qiskit_algorithms.optimizers.spsa | Iteration 28/101 done in 4.307806491851807.
2026-09-02 11:49:40,524 | INFO | qiskit_algorithms.optimizers.spsa | Iteration 29/101 done in 3.964285373687744.
2026-09-02 11:49:44,465 | INFO | qiskit_algorithms.optimizers.spsa | Iteration 30/101 done in 3.939399242401123.
2026-09-02 11:49:48,926 | INFO | qiskit_algorithms.optimizers.spsa | Iteration 31/101 done in 4.459589719772339.
2026-09-02 11:49:52,911 | INFO | qiskit_algorithms.optimizers.spsa | Iteration 32/101 done in 3.983790874481201.
2026-09-02 11:49:57,269 | INFO | qiskit_algorithms.optimizers.spsa | Iteration 33/101 done in 4.353257179260254.
2026-09-02 11:50:01,219 | INFO | qiskit_algorithms.optimizers.spsa | Iteration 34/101 done in 3.9491894245147705.
2026-09-02 11:50:05,475 | INFO | qiskit_algorithms.optimizers.spsa | Iteration 35/101 done in 4.253841161727905.
2026-09-02 11:50:09,437 | INFO | qiskit_algorithms.optimizers.spsa | Iteration 36/101 done in 3.9595634937286377.
2026-09-02 11:50:13,328 | INFO | qiskit_algorithms.optimizers.spsa | Iteration 37/101 done in 3.8893494606018066.
2026-09-02 11:50:17,640 | INFO | qiskit_algorithms.optimizers.spsa | Iteration 38/101 done in 4.3105597496032715.
2026-09-02 11:50:21,573 | INFO | qiskit_algorithms.optimizers.spsa | Iteration 39/101 done in 3.9306418895721436.
2026-09-02 11:50:25,848 | INFO | qiskit_algorithms.optimizers.spsa | Iteration 40/101 done in 4.272711992263794.
2026-09-02 11:50:29,825 | INFO | qiskit_algorithms.optimizers.spsa | Iteration 41/101 done in 3.975339651107788.
2026-09-02 11:50:34,140 | INFO | qiskit_algorithms.optimizers.spsa | Iteration 42/101 done in 4.313045024871826.
2026-09-02 11:50:38,062 | INFO | qiskit_algorithms.optimizers.spsa | Iteration 43/101 done in 3.9201314449310303.
2026-09-02 11:50:41,945 | INFO | qiskit_algorithms.optimizers.spsa | Iteration 44/101 done in 3.8812460899353027.
2026-09-02 11:50:46,219 | INFO | qiskit_algorithms.optimizers.spsa | Iteration 45/101 done in 4.271795034408569.
2026-09-02 11:50:50,218 | INFO | qiskit_algorithms.optimizers.spsa | Iteration 46/101 done in 3.996746778488159.
2026-09-02 11:50:54,643 | INFO | qiskit_algorithms.optimizers.spsa | Iteration 47/101 done in 4.422943592071533.
2026-09-02 11:50:58,525 | INFO | qiskit_algorithms.optimizers.spsa | Iteration 48/101 done in 3.880403757095337.
2026-09-02 11:51:02,642 | INFO | qiskit_algorithms.optimizers.spsa | Iteration 49/101 done in 4.114428758621216.
2026-09-02 11:51:06,492 | INFO | qiskit_algorithms.optimizers.spsa | Iteration 50/101 done in 3.8468194007873535.
2026-09-02 11:51:10,439 | INFO | qiskit_algorithms.optimizers.spsa | Iteration 51/101 done in 3.945162773132324.
2026-09-02 11:51:14,757 | INFO | qiskit_algorithms.optimizers.spsa | Iteration 52/101 done in 4.316580533981323.
2026-09-02 11:51:18,695 | INFO | qiskit_algorithms.optimizers.spsa | Iteration 53/101 done in 3.9357755184173584.
2026-09-02 11:51:22,952 | INFO | qiskit_algorithms.optimizers.spsa | Iteration 54/101 done in 4.255255222320557.
2026-09-02 11:51:26,883 | INFO | qiskit_algorithms.optimizers.spsa | Iteration 55/101 done in 3.9300928115844727.
2026-09-02 11:51:31,448 | INFO | qiskit_algorithms.optimizers.spsa | Iteration 56/101 done in 4.5626232624053955.
2026-09-02 11:51:35,392 | INFO | qiskit_algorithms.optimizers.spsa | Iteration 57/101 done in 3.9418580532073975.
2026-09-02 11:51:39,281 | INFO | qiskit_algorithms.optimizers.spsa | Iteration 58/101 done in 3.887094736099243.
2026-09-02 11:51:43,636 | INFO | qiskit_algorithms.optimizers.spsa | Iteration 59/101 done in 4.35295295715332.
2026-09-02 11:51:47,580 | INFO | qiskit_algorithms.optimizers.spsa | Iteration 60/101 done in 3.942638397216797.
2026-09-02 11:51:51,949 | INFO | qiskit_algorithms.optimizers.spsa | Iteration 61/101 done in 4.366450309753418.
2026-09-02 11:51:55,899 | INFO | qiskit_algorithms.optimizers.spsa | Iteration 62/101 done in 3.9489188194274902.
2026-09-02 11:52:00,210 | INFO | qiskit_algorithms.optimizers.spsa | Iteration 63/101 done in 4.309287786483765.
2026-09-02 11:52:04,192 | INFO | qiskit_algorithms.optimizers.spsa | Iteration 64/101 done in 3.9803354740142822.
2026-09-02 11:52:08,059 | INFO | qiskit_algorithms.optimizers.spsa | Iteration 65/101 done in 3.864596128463745.
2026-09-02 11:52:12,348 | INFO | qiskit_algorithms.optimizers.spsa | Iteration 66/101 done in 4.2877068519592285.
2026-09-02 11:52:16,301 | INFO | qiskit_algorithms.optimizers.spsa | Iteration 67/101 done in 3.9508442878723145.
2026-09-02 11:52:20,569 | INFO | qiskit_algorithms.optimizers.spsa | Iteration 68/101 done in 4.266545057296753.
2026-09-02 11:52:24,486 | INFO | qiskit_algorithms.optimizers.spsa | Iteration 69/101 done in 3.915283441543579.
2026-09-02 11:52:28,781 | INFO | qiskit_algorithms.optimizers.spsa | Iteration 70/101 done in 4.293058395385742.
2026-09-02 11:52:32,789 | INFO | qiskit_algorithms.optimizers.spsa | Iteration 71/101 done in 4.006574630737305.
2026-09-02 11:52:36,776 | INFO | qiskit_algorithms.optimizers.spsa | Iteration 72/101 done in 3.9851512908935547.
2026-09-02 11:52:41,046 | INFO | qiskit_algorithms.optimizers.spsa | Iteration 73/101 done in 4.267786741256714.
2026-09-02 11:52:44,955 | INFO | qiskit_algorithms.optimizers.spsa | Iteration 74/101 done in 3.9068212509155273.
2026-09-02 11:52:49,354 | INFO | qiskit_algorithms.optimizers.spsa | Iteration 75/101 done in 4.39731240272522.
2026-09-02 11:52:53,292 | INFO | qiskit_algorithms.optimizers.spsa | Iteration 76/101 done in 3.935528516769409.
2026-09-02 11:52:57,568 | INFO | qiskit_algorithms.optimizers.spsa | Iteration 77/101 done in 4.27459454536438.
2026-09-02 11:53:01,566 | INFO | qiskit_algorithms.optimizers.spsa | Iteration 78/101 done in 3.9952707290649414.
2026-09-02 11:53:05,413 | INFO | qiskit_algorithms.optimizers.spsa | Iteration 79/101 done in 3.8455069065093994.
2026-09-02 11:53:09,673 | INFO | qiskit_algorithms.optimizers.spsa | Iteration 80/101 done in 4.255972385406494.
2026-09-02 11:53:13,585 | INFO | qiskit_algorithms.optimizers.spsa | Iteration 81/101 done in 3.9099903106689453.
2026-09-02 11:53:17,904 | INFO | qiskit_algorithms.optimizers.spsa | Iteration 82/101 done in 4.316816806793213.
2026-09-02 11:53:21,907 | INFO | qiskit_algorithms.optimizers.spsa | Iteration 83/101 done in 4.00097918510437.
2026-09-02 11:53:26,199 | INFO | qiskit_algorithms.optimizers.spsa | Iteration 84/101 done in 4.290650367736816.
2026-09-02 11:53:30,153 | INFO | qiskit_algorithms.optimizers.spsa | Iteration 85/101 done in 3.9522945880889893.
2026-09-02 11:53:34,394 | INFO | qiskit_algorithms.optimizers.spsa | Iteration 86/101 done in 4.2392661571502686.
2026-09-02 11:53:38,331 | INFO | qiskit_algorithms.optimizers.spsa | Iteration 87/101 done in 3.9349899291992188.
2026-09-02 11:53:42,596 | INFO | qiskit_algorithms.optimizers.spsa | Iteration 88/101 done in 4.262161016464233.
2026-09-02 11:53:46,532 | INFO | qiskit_algorithms.optimizers.spsa | Iteration 89/101 done in 3.933650016784668.
2026-09-02 11:53:50,446 | INFO | qiskit_algorithms.optimizers.spsa | Iteration 90/101 done in 3.9128150939941406.
2026-09-02 11:53:54,716 | INFO | qiskit_algorithms.optimizers.spsa | Iteration 91/101 done in 4.268739700317383.
2026-09-02 11:53:58,675 | INFO | qiskit_algorithms.optimizers.spsa | Iteration 92/101 done in 3.956831932067871.
2026-09-02 11:54:02,976 | INFO | qiskit_algorithms.optimizers.spsa | Iteration 93/101 done in 4.298992395401001.
2026-09-02 11:54:06,884 | INFO | qiskit_algorithms.optimizers.spsa | Iteration 94/101 done in 3.9065158367156982.
2026-09-02 11:54:11,146 | INFO | qiskit_algorithms.optimizers.spsa | Iteration 95/101 done in 4.260085105895996.
2026-09-02 11:54:15,042 | INFO | qiskit_algorithms.optimizers.spsa | Iteration 96/101 done in 3.8945202827453613.
2026-09-02 11:54:19,260 | INFO | qiskit_algorithms.optimizers.spsa | Iteration 97/101 done in 4.215816497802734.
2026-09-02 11:54:23,219 | INFO | qiskit_algorithms.optimizers.spsa | Iteration 98/101 done in 3.9569389820098877.
2026-09-02 11:54:27,122 | INFO | qiskit_algorithms.optimizers.spsa | Iteration 99/101 done in 3.901803731918335.
2026-09-02 11:54:31,387 | INFO | qiskit_algorithms.optimizers.spsa | Iteration 100/101 done in 4.262308597564697.
2026-09-02 11:54:31,388 | INFO | qiskit_algorithms.optimizers.spsa | SPSA: Finished in 409.3052341938019
2026-09-02 11:55:26,192 | INFO | astra_trade.pipeline | [2m2026-09-02T11:55:26.192375Z[0m [[32m[1minfo     [0m] [1mregime_submodels_done         [0m [[0m[1m[34mastra_trade.pipeline[0m][0m [36mskipped[0m=[35m{}[0m [36mtrained[0m=[35m{'sideways': {'n_rows': 24854, 'train_accuracy': 0.7219881656804734, 'train_precision': 0.7222894580111484, 'train_recall': 0.7219881656804734, 'train_f1': 0.7220936929371472, 'best_iteration': 50, 'val_accuracy': 0.5484043979619201, 'val_precision': 0.5479969123610912, 'val_recall': 0.5484043979619201, 'val_f1': 0.5480587221238091}, 'high_volatility': {'n_rows': 10772, 'train_accuracy': 0.7940148536478812, 'train_precision': 0.7944183394857273, 'train_recall': 0.7940148536478812, 'train_f1': 0.793997673111515, 'best_iteration': 58, 'val_accuracy': 0.5377475247524752, 'val_precision': 0.5357657506796949, 'val_recall': 0.5377475247524752, 'val_f1': 0.5359916863826965}, 'bear_trend': {'n_rows': 1540, 'train_accuracy': 0.9847211611917495, 'train_precision': 0.9847596533981591, 'train_recall': 0.9847211611917495, 'train_f1': 0.9847308557921504, 'best_iteration': 88, 'val_accuracy': 0.6406926406926406, 'val_precision': 0.6349647847232389, 'val_recall': 0.6406926406926406, 'val_f1': 0.6271561653272807}}[0m
2026-09-02 11:55:26,193 | INFO | astra_trade.pipeline | [2m2026-09-02T11:55:26.193748Z[0m [[32m[1minfo     [0m] [1mpipeline_stage_done           [0m [[0m[1m[34mastra_trade.pipeline[0m][0m [36mstage[0m=[35mmodel_training[0m
2026-09-02 11:55:26,195 | INFO | astra_trade.pipeline | [2m2026-09-02T11:55:26.195355Z[0m [[32m[1minfo     [0m] [1mpipeline_stage_starting       [0m [[0m[1m[34mastra_trade.pipeline[0m][0m [36mstage[0m=[35mbacktest_validation[0m
2026-09-02 12:07:49,869 | INFO | astra_trade.pipeline | [2m2026-09-02T12:07:49.869772Z[0m [[32m[1minfo     [0m] [1mpipeline_stage_done           [0m [[0m[1m[34mastra_trade.pipeline[0m][0m [36mstage[0m=[35mbacktest_validation[0m
2026-09-02 12:07:49,873 | INFO | astra_trade.pipeline | [2m2026-09-02T12:07:49.873342Z[0m [[32m[1minfo     [0m] [1mpipeline_stage_starting       [0m [[0m[1m[34mastra_trade.pipeline[0m][0m [36mstage[0m=[35mcapital_allocation[0m
2026-09-02 12:07:50,619 | INFO | astra_trade.pipeline | [2m2026-09-02T12:07:50.619825Z[0m [[32m[1minfo     [0m] [1mpipeline_stage_done           [0m [[0m[1m[34mastra_trade.pipeline[0m][0m [36mresult[0m=[35m{'allocations': [], 'excluded': {'RELIANCE': 'non-positive expectancy (-0.00224) after costs', 'TCS': 'non-positive expectancy (-0.00197) after costs', 'INFY': 'non-positive expectancy (-0.00214) after costs', 'HDFCBANK': 'non-positive expectancy (-0.00207) after costs', 'ICICIBANK': 'non-positive expectancy (-0.00218) after costs', 'SBIN': 'non-positive expectancy (-0.00237) after costs', 'BHARTIARTL': 'non-positive expectancy (-0.00213) after costs', 'ITC': 'non-positive expectancy (-0.00194) after costs', 'FEDERALBNK': 'non-positive expectancy (-0.00215) after costs', 'IDFCFIRSTB': 'non-positive expectancy (-0.00218) after costs', 'PNB': 'non-positive expectancy (-0.00229) after costs', 'BANKBARODA': 'non-positive expectancy (-0.00226) after costs', 'TATAPOWER': 'non-positive expectancy (-0.00221) after costs', 'PETRONET': 'non-positive expectancy (-0.00227) after costs', 'VOLTAS': 'non-positive expectancy (-0.00220) after costs', 'ASHOKLEY': 'non-positive expectancy (-0.00235) after costs', 'CANBK': 'non-positive expectancy (-0.00219) after costs', 'APOLLOTYRE': 'non-positive expectancy (-0.00224) after costs'}}[0m [36mstage[0m=[35mcapital_allocation[0m
2026-09-02 12:07:50,779 | INFO | astra_trade | [2m2026-09-02T12:07:50.779747Z[0m [[32m[1minfo     [0m] [1mtraining_pipeline_complete    [0m [[0m[1m[34mastra_trade[0m][0m [36msummary[0m=[35m{'data_ingestion': '20 symbols ingested', 'used_synthetic_data': 'False', 'feature_engineering': '20 symbols featured', 'classical_training': "{'lstm': {'status': 'trained', 'history': {'train_loss': [0.6915964857778616, 0.6854426046419475, 0.679344948174225, 0.6700718606718712, 0.6573085563464297, 0.6429366955740584, 0.6282652846227089, 0.6", 'quantum_optimization': "{'lstm': {'status': 'trained', 'history': {'train_loss': [0.6915964857778616, 0.6854426046419475, 0.679344948174225, 0.6700718606718712, 0.6573085563464297, 0.6429366955740584, 0.6282652846227089, 0.6", 'ensemble_optimization': "{'lstm': {'status': 'trained', 'history': {'train_loss': [0.6915964857778616, 0.6854426046419475, 0.679344948174225, 0.6700718606718712, 0.6573085563464297, 0.6429366955740584, 0.6282652846227089, 0.6", 'backtest_validation': "{'RELIANCE': {'sharpe_ratio': -22.16264936023391, 'max_drawdown_pct': -0.9538305088641806, 'max_dd_peak_date': '0', 'max_dd_trough_date': '1372', 'profit_factor': np.float64(0.024397993202263723), 'wi", 'walk_forward_validation': 'SKIPPED: training.validation.walk_forward_enabled is false (costly - see config.yaml)', 'capital_allocation': "{'allocations': [], 'excluded': {'RELIANCE': 'non-positive expectancy (-0.00224) after costs', 'TCS': 'non-positive expectancy (-0.00197) after costs', 'INFY': 'non-positive expectancy (-0.00214) afte", 'model_deployment': '17d0852d5325'}[0m
