+ echo '=== GPU diagnostics (pre-install) ==='
=== GPU diagnostics (pre-install) ===
+ nvidia-smi
Fri Sep  4 14:36:09 2026       
+-----------------------------------------------------------------------------------------+
| NVIDIA-SMI 570.133.07             Driver Version: 570.133.07     CUDA Version: 12.8     |
|-----------------------------------------+------------------------+----------------------+
| GPU  Name                 Persistence-M | Bus-Id          Disp.A | Volatile Uncorr. ECC |
| Fan  Temp   Perf          Pwr:Usage/Cap |           Memory-Usage | GPU-Util  Compute M. |
|                                         |                        |               MIG M. |
|=========================================+========================+======================|
|   0  NVIDIA RTX 4000 Ada Gene...    On  |   00000000:81:00.0 Off |                  Off |
| 30%   48C    P8             13W /  130W |       1MiB /  20475MiB |      0%      Default |
|                                         |                        |                  N/A |
+-----------------------------------------+------------------------+----------------------+
                                                                                         
+-----------------------------------------------------------------------------------------+
| Processes:                                                                              |
|  GPU   GI   CI              PID   Type   Process name                        GPU Memory |
|        ID   ID                                                               Usage      |
|=========================================================================================|
|  No running processes found                                                             |
+-----------------------------------------------------------------------------------------+
+ ldconfig
+ set +x
Cloning into 'repo'...
+ cd repo/astra-trade-qml
+ pip install --no-cache-dir -q -r requirements/requirements-runpod-image.txt
WARNING: Running pip as the 'root' user can result in broken permissions and conflicting behaviour with the system package manager, possibly rendering your system unusable.It is recommended to use a virtual environment instead: https://pip.pypa.io/warnings/venv. Use the --root-user-action option if you know what you are doing and want to suppress this warning.

[notice] A new release of pip is available: 24.2 -> 26.2.1
[notice] To update, run: python -m pip install --upgrade pip
+ echo '=== GPU diagnostics (post-install) ==='
=== GPU diagnostics (post-install) ===
+ python3 -c '
import torch
torch.cuda.init()
print(f'\''PyTorch {torch.__version__}, CUDA available: {torch.cuda.is_available()}'\'')
if torch.cuda.is_available():
    print(f'\''GPU: {torch.cuda.get_device_name(0)}, VRAM: {torch.cuda.get_device_properties(0).total_memory / 1e9:.1f} GB'\'')
else:
    print('\''WARNING: CUDA not available - all training will run on CPU'\'')
try:
    import xgboost as xgb
    print(f'\''XGBoost {xgb.__version__}'\'')
except: pass
'
PyTorch 2.4.1+cu124, CUDA available: True
GPU: NVIDIA RTX 4000 Ada Generation, VRAM: 21.0 GB
XGBoost 3.2.0
+ git config user.email runpod-bot@astra-trade-qml.local
+ git config user.name 'RunPod Training Bot'
+ set +x
+ echo '=== Starting training ==='
=== Starting training ===
+ PYTHONUNBUFFERED=1
+ timeout 10800 python3 -u -m src.main --mode train
CUDA initialized: NVIDIA RTX 4000 Ada Generation, VRAM: 21.0 GB
Traceback (most recent call last):
  File "<frozen runpy>", line 198, in _run_module_as_main
  File "<frozen runpy>", line 88, in _run_code
  File "/workspace/repo/astra-trade-qml/src/main.py", line 1194, in <module>
    main()
  File "/workspace/repo/astra-trade-qml/src/main.py", line 1162, in main
    run_train(config, logger)
  File "/workspace/repo/astra-trade-qml/src/main.py", line 53, in run_train
    from src.training.pipeline import TrainingPipeline
  File "/workspace/repo/astra-trade-qml/src/training/pipeline.py", line 47, in <module>
    from src.training.pairs_trading import backtest_pair, find_cointegrated_pairs
  File "/workspace/repo/astra-trade-qml/src/training/pairs_trading.py", line 35, in <module>
    from statsmodels.tsa.stattools import coint
ModuleNotFoundError: No module named 'statsmodels'
+ TRAIN_EXIT=1
+ mkdir -p models/latest logs
+ echo exit=1
++ date -u +%Y-%m-%dT%H:%M:%SZ
+ echo finished_at=2026-09-04T14:37:11Z
+ cp /workspace/training.log logs/training_full.log
